// Jest Snapshot v1, https://goo.gl/fbAQLP

exports[`Should render ExpenseDashboardPage 1`] = `
<div>
  This is from my dashboard component
  <Connect(ExpenseListFilters) />
  <Connect(ExpenseList) />
</div>
`;
