// Jest Snapshot v1, https://goo.gl/fbAQLP

exports[`Should render LoginPage 1`] = `
<button>
  Login
</button>
`;
