// Jest Snapshot v1, https://goo.gl/fbAQLP

exports[`Should render NotFoundPage 1`] = `
<div>
  404 - 
  <Link
    replace={false}
    to="/"
  >
    Go home
  </Link>
</div>
`;
